[27Mai2025 17:03:00.473] [main/INFO] [cpw.mods.modlauncher.Launcher/MODLAUNCHER]: ModLauncher running: args [--launchTarget, forgeclientuserdev, --version, 20.6.117, --assetIndex, asset-index, --assetsDir, C:\Users\Fabian.TCat\.mcreator\gradle\caches\minecraft\assets\1.20.6, --gameDir, ., --fml.neoForgeVersion, 20.6.117, --fml.fmlVersion, 3.0.45, --fml.mcVersion, 1.20.6, --fml.neoFormVersion, 20240429.153634]
[27Mai2025 17:03:00.478] [main/INFO] [cpw.mods.modlauncher.Launcher/MODLAUNCHER]: JVM identified as Eclipse Adoptium OpenJDK 64-Bit Server VM 21.0.3+9-LTS
[27Mai2025 17:03:00.480] [main/INFO] [cpw.mods.modlauncher.Launcher/MODLAUNCHER]: ModLauncher 11.0.2+main.4612c65f starting: java version 21.0.3 by Eclipse Adoptium; OS Windows 11 arch amd64 version 10.0
[27Mai2025 17:03:00.582] [main/INFO] [net.neoforged.fml.loading.ImmediateWindowHandler/]: Loading ImmediateWindowProvider fmlearlywindow
[27Mai2025 17:03:00.656] [main/INFO] [EARLYDISPLAY/]: Trying GL version 4.6
[27Mai2025 17:03:00.803] [main/INFO] [EARLYDISPLAY/]: Requested GL version 4.6 got version 4.6
[27Mai2025 17:03:00.889] [main/INFO] [mixin/]: SpongePowered MIXIN Subsystem Version=0.8.5 Source=union:/C:/Users/Fabian.TCat/.mcreator/gradle/caches/modules-2/files-2.1/net.fabricmc/sponge-mixin/0.13.4+mixin.0.8.5/8adf0cff1795a169141b9e16ad7b9f6e2527a990/sponge-mixin-0.13.4+mixin.0.8.5.jar%23136!/ Service=ModLauncher Env=CLIENT
[27Mai2025 17:03:01.059] [pool-2-thread-1/INFO] [EARLYDISPLAY/]: GL info: NVIDIA GeForce RTX 3060 Ti/PCIe/SSE2 GL version 4.6.0 NVIDIA 576.52, NVIDIA Corporation
[27Mai2025 17:03:01.107] [main/INFO] [net.neoforged.fml.loading.moddiscovery.ModDiscoverer/SCAN]: Found mod file "neoforge-20.6.117.jar" [locator: neoforge devenv provider ([C:\Users\Fabian.TCat\MCreatorWorkspaces\amulet\.gradle\repositories\ng_dummy_ng\net\neoforged\neoforge\20.6.117\neoforge-20.6.117.jar])]
[27Mai2025 17:03:01.116] [main/INFO] [net.neoforged.fml.loading.moddiscovery.ModDiscoverer/SCAN]: Found mod file "neoforge-20.6.117.jar" [locator: neoforge devenv provider ([C:\Users\Fabian.TCat\MCreatorWorkspaces\amulet\.gradle\repositories\ng_dummy_ng\net\neoforged\neoforge\20.6.117\neoforge-20.6.117.jar])]
[27Mai2025 17:03:01.124] [main/INFO] [net.neoforged.fml.loading.moddiscovery.ModDiscoverer/SCAN]: Found mod file "main" [locator: userdev mods and services, reader: mod manifest]
[27Mai2025 17:03:01.132] [main/INFO] [net.neoforged.fml.loading.moddiscovery.ModDiscoverer/SCAN]: Found mod file "neoforge-20.6.117.jar" [locator: userdev mods and services, reader: mod manifest]
[27Mai2025 17:03:01.135] [main/INFO] [net.neoforged.fml.loading.moddiscovery.ModDiscoverer/SCAN]: Found mod file "geckolib-neoforge-1.20.6-4.5.4.jar" [locator: userdev mods and services, reader: mod manifest]
[27Mai2025 17:03:01.138] [main/INFO] [net.neoforged.fml.loading.moddiscovery.ModDiscoverer/SCAN]: Found mod file "curios-neoforge-8.0.1+1.20.6.jar" [locator: userdev mods and services, reader: mod manifest]
[27Mai2025 17:03:01.141] [main/INFO] [net.neoforged.fml.loading.moddiscovery.ModDiscoverer/SCAN]: Found mod file "jei-1.20.6-neoforge-18.0.0.65.jar" [locator: userdev mods and services, reader: mod manifest]
[27Mai2025 17:03:01.158] [main/INFO] [net.neoforged.fml.loading.moddiscovery.ModDiscoverer/SCAN]: Found gamelibrary file "mixinextras-neoforge-0.3.5.jar" [locator: userdev mods and services, reader: mod manifest]
[27Mai2025 17:03:01.288] [main/WARN] [net.neoforged.jarjar.selection.JarSelector/]: Attempted to select a dependency jar for JarJar which was passed in as source: mixinextras-neoforge-0.3.5.jar. Using Mod File: C:\Users\Fabian.TCat\.mcreator\gradle\caches\modules-2\files-2.1\io.github.llamalad7\mixinextras-neoforge\0.3.5\ef3ffcf309dae656517b2f120189b1c9b21737dd\mixinextras-neoforge-0.3.5.jar
[27Mai2025 17:03:01.289] [main/INFO] [net.neoforged.fml.loading.moddiscovery.locators.JarInJarDependencyLocator/]: No dependencies to load found. Skipping!
[27Mai2025 17:03:01.425] [main/INFO] [net.neoforged.fml.loading.FMLServiceProvider/CORE]: Loading coremod script-engine for [neoforge]
[27Mai2025 17:03:01.949] [main/INFO] [mixin/]: Compatibility level set to JAVA_17
[27Mai2025 17:03:01.953] [main/INFO] [cpw.mods.modlauncher.LaunchServiceHandler/MODLAUNCHER]: Launching target 'forgeclientuserdev' with arguments [--version, 20.6.117, --gameDir, ., --assetsDir, C:\Users\Fabian.TCat\.mcreator\gradle\caches\minecraft\assets\1.20.6, --assetIndex, asset-index]
[27Mai2025 17:03:01.984] [main/WARN] [mixin/]: Reference map 'curios.refmap.json' for curios.neoforge.mixins.json could not be read. If this is a development environment you can ignore this message
[27Mai2025 17:03:01.984] [main/WARN] [mixin/]: Reference map 'curios.refmap.json' for curios.mixins.json could not be read. If this is a development environment you can ignore this message
[27Mai2025 17:03:01.985] [main/WARN] [mixin/]: Reference map 'geckolib.refmap.json' for geckolib.mixins.json could not be read. If this is a development environment you can ignore this message
[27Mai2025 17:03:02.938] [pool-9-thread-1/INFO] [MixinExtras|Service/]: Initializing MixinExtras via com.llamalad7.mixinextras.service.MixinExtrasServiceImpl(version=0.3.5).
[27Mai2025 17:03:05.298] [Datafixer Bootstrap/INFO] [com.mojang.datafixers.DataFixerBuilder/]: 225 Datafixer optimizations took 162 milliseconds
[27Mai2025 17:03:06.719] [main/WARN] [net.minecraft.commands.Commands/]: Ambiguity between arguments [teleport, location] and [teleport, destination] with inputs: [0.1 -0.5 .9, 0 0 0]
[27Mai2025 17:03:06.720] [main/WARN] [net.minecraft.commands.Commands/]: Ambiguity between arguments [teleport, location] and [teleport, targets] with inputs: [0.1 -0.5 .9, 0 0 0]
[27Mai2025 17:03:06.722] [main/WARN] [net.minecraft.commands.Commands/]: Ambiguity between arguments [teleport, destination] and [teleport, targets] with inputs: [Player, 0123, @e, dd12be42-52a9-4a91-a8a1-11c01849e498]
[27Mai2025 17:03:06.723] [main/WARN] [net.minecraft.commands.Commands/]: Ambiguity between arguments [teleport, targets] and [teleport, destination] with inputs: [Player, 0123, dd12be42-52a9-4a91-a8a1-11c01849e498]
[27Mai2025 17:03:06.723] [main/WARN] [net.minecraft.commands.Commands/]: Ambiguity between arguments [teleport, targets, location] and [teleport, targets, destination] with inputs: [0.1 -0.5 .9, 0 0 0]
[27Mai2025 17:03:06.813] [Render thread/WARN] [net.minecraft.server.packs.VanillaPackResourcesBuilder/]: Assets URL 'union:/C:/Users/Fabian.TCat/MCreatorWorkspaces/amulet/.gradle/repositories/ng_dummy_ng/net/neoforged/neoforge/20.6.117/neoforge-20.6.117.jar%23192!/assets/.mcassetsroot' uses unexpected schema
[27Mai2025 17:03:06.814] [Render thread/WARN] [net.minecraft.server.packs.VanillaPackResourcesBuilder/]: Assets URL 'union:/C:/Users/Fabian.TCat/MCreatorWorkspaces/amulet/.gradle/repositories/ng_dummy_ng/net/neoforged/neoforge/20.6.117/neoforge-20.6.117.jar%23192!/data/.mcassetsroot' uses unexpected schema
[27Mai2025 17:03:06.830] [Render thread/INFO] [com.mojang.authlib.yggdrasil.YggdrasilAuthenticationService/]: Environment: Environment[sessionHost=https://sessionserver.mojang.com, servicesHost=https://api.minecraftservices.com, name=PROD]
[27Mai2025 17:03:06.839] [Render thread/INFO] [net.minecraft.client.Minecraft/]: Setting user: Dev
[27Mai2025 17:03:06.923] [Render thread/INFO] [net.minecraft.client.Minecraft/]: Backend library: LWJGL version 3.3.3+5
[27Mai2025 17:03:07.094] [modloading-worker-0/INFO] [net.neoforged.neoforge.common.NeoForgeMod/NEOFORGE-MOD]: NeoForge mod loading, version 20.6.117, for MC 1.20.6
[27Mai2025 17:03:07.188] [modloading-worker-0/INFO] [mezz.jei.library.load.PluginCaller/]: Sending ConfigManager...
[27Mai2025 17:03:07.189] [modloading-worker-0/INFO] [mezz.jei.library.load.PluginCaller/]: Sending ConfigManager took 1.082 ms
[27Mai2025 17:03:07.681] [Render thread/INFO] [net.neoforged.neoforge.gametest.GameTestHooks/]: Enabled Gametest Namespaces: []
[27Mai2025 17:03:07.828] [Render thread/INFO] [net.minecraft.server.packs.resources.ReloadableResourceManager/]: Reloading ResourceManager: vanilla, mod_resources, mod/curios, mod/geckolib, mod/neoforge, mod/ae, mod/jei
[27Mai2025 17:03:07.930] [Worker-Main-7/INFO] [net.minecraft.client.gui.font.providers.UnihexProvider/]: Found unifont_all_no_pua-15.1.04.hex, loading
[27Mai2025 17:03:08.002] [Worker-Main-9/INFO] [net.minecraft.client.gui.font.providers.UnihexProvider/]: Found unifont_jp_patch-15.1.04.hex, loading
[27Mai2025 17:03:08.097] [Forge Version Check/INFO] [net.neoforged.fml.VersionChecker/]: [ae] Starting version check at https://www.curseforge.com/minecraft/mc-mods/amulet
[27Mai2025 17:03:08.339] [Forge Version Check/WARN] [net.neoforged.fml.VersionChecker/]: Failed to process update information
com.google.gson.JsonSyntaxException: java.lang.IllegalStateException: Expected BEGIN_OBJECT but was STRING at line 1 column 1 path $
	at MC-BOOTSTRAP/com.google.gson@2.10.1/com.google.gson.Gson.fromJson(Gson.java:1238) ~[gson-2.10.1.jar%23108!/:?]
	at MC-BOOTSTRAP/com.google.gson@2.10.1/com.google.gson.Gson.fromJson(Gson.java:1137) ~[gson-2.10.1.jar%23108!/:?]
	at MC-BOOTSTRAP/com.google.gson@2.10.1/com.google.gson.Gson.fromJson(Gson.java:1047) ~[gson-2.10.1.jar%23108!/:?]
	at MC-BOOTSTRAP/com.google.gson@2.10.1/com.google.gson.Gson.fromJson(Gson.java:982) ~[gson-2.10.1.jar%23108!/:?]
	at MC-BOOTSTRAP/fml_loader@3.0.45/net.neoforged.fml.VersionChecker$1.process(VersionChecker.java:167) ~[loader-3.0.45.jar%23145!/:3.0]
	at java.base/java.lang.Iterable.forEach(Iterable.java:75) [?:?]
	at MC-BOOTSTRAP/fml_loader@3.0.45/net.neoforged.fml.VersionChecker$1.run(VersionChecker.java:105) [loader-3.0.45.jar%23145!/:3.0]
Caused by: java.lang.IllegalStateException: Expected BEGIN_OBJECT but was STRING at line 1 column 1 path $
	at MC-BOOTSTRAP/com.google.gson@2.10.1/com.google.gson.stream.JsonReader.beginObject(JsonReader.java:393) ~[gson-2.10.1.jar%23108!/:?]
	at MC-BOOTSTRAP/com.google.gson@2.10.1/com.google.gson.internal.bind.MapTypeAdapterFactory$Adapter.read(MapTypeAdapterFactory.java:182) ~[gson-2.10.1.jar%23108!/:?]
	at MC-BOOTSTRAP/com.google.gson@2.10.1/com.google.gson.internal.bind.MapTypeAdapterFactory$Adapter.read(MapTypeAdapterFactory.java:144) ~[gson-2.10.1.jar%23108!/:?]
	at MC-BOOTSTRAP/com.google.gson@2.10.1/com.google.gson.Gson.fromJson(Gson.java:1227) ~[gson-2.10.1.jar%23108!/:?]
	... 6 more
[27Mai2025 17:03:08.968] [Render thread/WARN] [net.minecraft.client.sounds.SoundEngine/]: Missing sound for event: minecraft:item.goat_horn.play
[27Mai2025 17:03:08.968] [Render thread/WARN] [net.minecraft.client.sounds.SoundEngine/]: Missing sound for event: minecraft:entity.goat.screaming.horn_break
[27Mai2025 17:03:08.990] [Render thread/INFO] [com.mojang.blaze3d.audio.Library/]: OpenAL initialized on device OpenAL Soft on Lautsprecher (Realtek High Definition Audio)
[27Mai2025 17:03:08.991] [Render thread/INFO] [net.minecraft.client.sounds.SoundEngine/SOUNDS]: Sound engine started
[27Mai2025 17:03:09.076] [Render thread/INFO] [net.minecraft.client.renderer.texture.TextureAtlas/]: Created: 2048x1024x2 minecraft:textures/atlas/blocks.png-atlas
[27Mai2025 17:03:09.082] [Render thread/INFO] [net.minecraft.client.renderer.texture.TextureAtlas/]: Created: 256x256x2 minecraft:textures/atlas/signs.png-atlas
[27Mai2025 17:03:09.082] [Render thread/INFO] [net.minecraft.client.renderer.texture.TextureAtlas/]: Created: 512x512x2 minecraft:textures/atlas/banner_patterns.png-atlas
[27Mai2025 17:03:09.082] [Render thread/INFO] [net.minecraft.client.renderer.texture.TextureAtlas/]: Created: 512x512x2 minecraft:textures/atlas/shield_patterns.png-atlas
[27Mai2025 17:03:09.082] [Render thread/INFO] [net.minecraft.client.renderer.texture.TextureAtlas/]: Created: 1024x1024x2 minecraft:textures/atlas/armor_trims.png-atlas
[27Mai2025 17:03:09.084] [Render thread/INFO] [net.minecraft.client.renderer.texture.TextureAtlas/]: Created: 256x256x2 minecraft:textures/atlas/chest.png-atlas
[27Mai2025 17:03:09.084] [Render thread/INFO] [net.minecraft.client.renderer.texture.TextureAtlas/]: Created: 128x64x2 minecraft:textures/atlas/decorated_pot.png-atlas
[27Mai2025 17:03:09.084] [Render thread/INFO] [net.minecraft.client.renderer.texture.TextureAtlas/]: Created: 512x256x2 minecraft:textures/atlas/beds.png-atlas
[27Mai2025 17:03:09.084] [Render thread/INFO] [net.minecraft.client.renderer.texture.TextureAtlas/]: Created: 512x256x2 minecraft:textures/atlas/shulker_boxes.png-atlas
[27Mai2025 17:03:09.150] [Render thread/INFO] [net.minecraft.client.renderer.texture.TextureAtlas/]: Created: 512x256x0 minecraft:textures/atlas/particles.png-atlas
[27Mai2025 17:03:09.150] [Render thread/INFO] [net.minecraft.client.renderer.texture.TextureAtlas/]: Created: 256x256x0 minecraft:textures/atlas/paintings.png-atlas
[27Mai2025 17:03:09.150] [Render thread/INFO] [net.minecraft.client.renderer.texture.TextureAtlas/]: Created: 256x128x0 minecraft:textures/atlas/mob_effects.png-atlas
[27Mai2025 17:03:09.150] [Render thread/INFO] [net.minecraft.client.renderer.texture.TextureAtlas/]: Created: 64x64x0 minecraft:textures/atlas/map_decorations.png-atlas
[27Mai2025 17:03:09.151] [Render thread/INFO] [net.minecraft.client.renderer.texture.TextureAtlas/]: Created: 1024x512x0 minecraft:textures/atlas/gui.png-atlas
[27Mai2025 17:03:09.186] [Render thread/WARN] [net.minecraft.client.renderer.ShaderInstance/]: Shader rendertype_entity_translucent_emissive could not find sampler named Sampler2 in the specified shader program.
[27Mai2025 17:03:09.253] [Render thread/INFO] [net.minecraft.client.renderer.texture.TextureAtlas/]: Created: 256x128x0 jei:textures/atlas/gui.png-atlas
[27Mai2025 17:03:19.066] [Render thread/INFO] [net.minecraft.world.item.crafting.RecipeManager/]: Loaded 1186 recipes
[27Mai2025 17:03:19.166] [Render thread/INFO] [net.minecraft.advancements.AdvancementTree/]: Loaded 1277 advancements
[27Mai2025 17:03:19.172] [Render thread/INFO] [Curios API/]: Loaded 11 curio slots
[27Mai2025 17:03:19.176] [Render thread/INFO] [Curios API/]: Loaded 2 curio entities
[27Mai2025 17:03:19.432] [Render thread/INFO] [mezz.jei.neoforge.startup.StartEventObserver/]: JEI StartEventObserver received class net.neoforged.neoforge.event.TagsUpdatedEvent too early, ignoring
[27Mai2025 17:03:19.480] [Server thread/INFO] [net.minecraft.client.server.IntegratedServer/]: Starting integrated minecraft server version 1.20.6
[27Mai2025 17:03:19.480] [Server thread/INFO] [net.minecraft.server.MinecraftServer/]: Generating keypair
[27Mai2025 17:03:20.177] [Server thread/INFO] [net.minecraft.server.MinecraftServer/]: Preparing start region for dimension minecraft:overworld
[27Mai2025 17:03:20.631] [progressListener/INFO] [net.minecraft.server.level.progress.LoggerChunkProgressListener/]: Einstiegsbereich wird vorbereitet: 0 %
[27Mai2025 17:03:20.760] [progressListener/INFO] [net.minecraft.server.level.progress.LoggerChunkProgressListener/]: Einstiegsbereich wird vorbereitet: 0 %
[27Mai2025 17:03:21.034] [Server thread/INFO] [net.neoforged.neoforge.server.permission.PermissionAPI/]: Successfully initialized permission handler neoforge:default_handler
[27Mai2025 17:03:21.035] [progressListener/INFO] [net.minecraft.server.level.progress.LoggerChunkProgressListener/]: Time elapsed: 846 ms
[27Mai2025 17:03:21.102] [Server thread/INFO] [net.minecraft.client.server.IntegratedServer/]: Changing view distance to 5, from 10
[27Mai2025 17:03:21.103] [Server thread/INFO] [net.minecraft.client.server.IntegratedServer/]: Changing simulation distance to 12, from 0
[27Mai2025 17:03:21.478] [Render thread/INFO] [mezz.jei.neoforge.startup.StartEventObserver/]: JEI StartEventObserver received class net.neoforged.neoforge.event.TagsUpdatedEvent
[27Mai2025 17:03:21.611] [Server thread/INFO] [net.minecraft.server.players.PlayerList/]: Dev[local:E:66ea73cd] logged in with entity id 64 at (-62.91365309457691, 81.05002172800266, 25.879802733957874)
[27Mai2025 17:03:21.656] [Server thread/INFO] [net.minecraft.server.MinecraftServer/]: Dev hat das Spiel betreten
[27Mai2025 17:03:21.800] [Render thread/INFO] [mezz.jei.neoforge.startup.StartEventObserver/]: JEI StartEventObserver received class net.neoforged.neoforge.client.event.RecipesUpdatedEvent
[27Mai2025 17:03:21.800] [Render thread/INFO] [mezz.jei.neoforge.startup.StartEventObserver/]: JEI StartEventObserver transitioning state from LISTENING to JEI_STARTED
[27Mai2025 17:03:21.800] [Render thread/INFO] [mezz.jei.core.util.LoggedTimer/]: Starting JEI...
[27Mai2025 17:03:21.804] [Render thread/INFO] [mezz.jei.library.load.PluginCaller/]: Registering item subtypes...
[27Mai2025 17:03:21.806] [Render thread/INFO] [mezz.jei.library.load.PluginCaller/]: Registering item subtypes took 1.583 ms
[27Mai2025 17:03:21.806] [Render thread/INFO] [mezz.jei.library.load.PluginCaller/]: Registering fluid subtypes...
[27Mai2025 17:03:21.807] [Render thread/INFO] [mezz.jei.library.load.PluginCaller/]: Registering fluid subtypes took 1.009 ms
[27Mai2025 17:03:21.808] [Render thread/INFO] [mezz.jei.library.load.PluginCaller/]: Registering ingredients...
[27Mai2025 17:03:21.909] [Render thread/INFO] [mezz.jei.library.load.PluginCallerTimerRunnable/]: Registering ingredients: jei:minecraft took 100.3 milliseconds
[27Mai2025 17:03:21.910] [Render thread/INFO] [mezz.jei.library.load.PluginCaller/]: Registering ingredients took 100.9 ms
[27Mai2025 17:03:21.915] [Render thread/INFO] [mezz.jei.library.load.PluginCaller/]: Registering Mod Info...
[27Mai2025 17:03:21.916] [Render thread/INFO] [mezz.jei.library.load.PluginCaller/]: Registering Mod Info took 537.1 μs
[27Mai2025 17:03:21.927] [Render thread/INFO] [mezz.jei.library.load.PluginCaller/]: Registering categories...
[27Mai2025 17:03:21.938] [Render thread/INFO] [mezz.jei.library.load.PluginCallerTimerRunnable/]: Registering categories: jei:minecraft took 11.00 milliseconds
[27Mai2025 17:03:21.939] [Render thread/INFO] [mezz.jei.library.load.PluginCaller/]: Registering categories took 12.26 ms
[27Mai2025 17:03:21.940] [Render thread/INFO] [mezz.jei.library.load.PluginCaller/]: Registering vanilla category extensions...
[27Mai2025 17:03:21.941] [Render thread/INFO] [mezz.jei.library.load.PluginCaller/]: Registering vanilla category extensions took 1.529 ms
[27Mai2025 17:03:21.942] [Render thread/INFO] [mezz.jei.library.load.PluginCaller/]: Registering recipe catalysts...
[27Mai2025 17:03:21.943] [Render thread/INFO] [mezz.jei.library.load.PluginCaller/]: Registering recipe catalysts took 657.5 μs
[27Mai2025 17:03:21.944] [Render thread/INFO] [mezz.jei.library.load.PluginCaller/]: Registering advanced plugins...
[27Mai2025 17:03:21.945] [Render thread/INFO] [mezz.jei.library.load.PluginCaller/]: Registering advanced plugins took 418.2 μs
[27Mai2025 17:03:21.945] [Render thread/INFO] [mezz.jei.core.util.LoggedTimer/]: Building recipe registry...
[27Mai2025 17:03:21.959] [Render thread/INFO] [mezz.jei.core.util.LoggedTimer/]: Building recipe registry took 13.21 ms
[27Mai2025 17:03:21.960] [Render thread/INFO] [mezz.jei.library.load.PluginCaller/]: Registering recipes...
[27Mai2025 17:03:22.084] [Render thread/INFO] [mezz.jei.library.load.PluginCallerTimerRunnable/]: Registering recipes: jei:minecraft took 124.4 milliseconds
[27Mai2025 17:03:22.085] [Render thread/INFO] [mezz.jei.library.load.PluginCaller/]: Registering recipes took 125.8 ms
[27Mai2025 17:03:22.087] [Render thread/INFO] [mezz.jei.library.load.PluginCaller/]: Registering recipes transfer handlers...
[27Mai2025 17:03:22.089] [Render thread/INFO] [mezz.jei.library.load.PluginCaller/]: Registering recipes transfer handlers took 2.237 ms
[27Mai2025 17:03:22.096] [Render thread/INFO] [mezz.jei.core.util.LoggedTimer/]: Building runtime...
[27Mai2025 17:03:22.097] [Render thread/INFO] [mezz.jei.library.load.PluginCaller/]: Registering gui handlers...
[27Mai2025 17:03:22.103] [Render thread/INFO] [mezz.jei.library.load.PluginCaller/]: Registering gui handlers took 5.651 ms
[27Mai2025 17:03:22.106] [Render thread/INFO] [mezz.jei.library.load.PluginCaller/]: Registering Runtime...
[27Mai2025 17:03:22.107] [Render thread/INFO] [mezz.jei.gui.startup.JeiGuiStarter/]: Starting JEI GUI
[27Mai2025 17:03:22.108] [Render thread/INFO] [mezz.jei.core.util.LoggedTimer/]: Building ingredient list...
[27Mai2025 17:03:22.110] [Render thread/INFO] [mezz.jei.core.util.LoggedTimer/]: Building ingredient list took 2.430 ms
[27Mai2025 17:03:22.110] [Render thread/INFO] [mezz.jei.core.util.LoggedTimer/]: Building ingredient filter...
[27Mai2025 17:03:22.132] [Render thread/INFO] [mezz.jei.gui.ingredients.IngredientFilter/]: Adding 1530 ingredients
[27Mai2025 17:03:22.257] [Render thread/INFO] [mezz.jei.gui.ingredients.IngredientFilter/]: Added 1530 ingredients
[27Mai2025 17:03:22.258] [Render thread/INFO] [mezz.jei.core.util.LoggedTimer/]: Building ingredient filter took 147.3 ms
[27Mai2025 17:03:22.333] [Render thread/INFO] [mezz.jei.library.load.PluginCallerTimerRunnable/]: Registering Runtime: jei:neoforge_gui took 226.5 milliseconds
[27Mai2025 17:03:22.333] [Render thread/INFO] [mezz.jei.library.load.PluginCaller/]: Registering Runtime took 227.2 ms
[27Mai2025 17:03:22.334] [Render thread/INFO] [mezz.jei.core.util.LoggedTimer/]: Building runtime took 237.2 ms
[27Mai2025 17:03:22.334] [Render thread/INFO] [mezz.jei.library.load.PluginCaller/]: Sending Runtime...
[27Mai2025 17:03:22.334] [Render thread/INFO] [mezz.jei.library.load.PluginCaller/]: Sending Runtime took 510.1 μs
[27Mai2025 17:03:22.334] [Render thread/INFO] [mezz.jei.core.util.LoggedTimer/]: Starting JEI took 534.3 ms
[27Mai2025 17:03:22.345] [Render thread/INFO] [net.minecraft.advancements.AdvancementTree/]: Loaded 128 advancements
[27Mai2025 17:03:44.939] [Render thread/WARN] [net.minecraft.client.sounds.SoundEngine/SOUNDS]: Unable to play empty soundEvent: minecraft:entity.salmon.ambient
[27Mai2025 17:04:31.186] [Server thread/INFO] [net.minecraft.client.server.IntegratedServer/]: Saving and pausing game...
[27Mai2025 17:04:31.205] [Server thread/INFO] [net.minecraft.server.MinecraftServer/]: Saving chunks for level 'ServerLevel[Neue Welt]'/minecraft:overworld
[27Mai2025 17:04:31.213] [Server thread/INFO] [net.minecraft.server.MinecraftServer/]: Saving chunks for level 'ServerLevel[Neue Welt]'/minecraft:the_nether
[27Mai2025 17:04:31.216] [Server thread/INFO] [net.minecraft.server.MinecraftServer/]: Saving chunks for level 'ServerLevel[Neue Welt]'/minecraft:the_end
[27Mai2025 17:05:24.086] [Server thread/INFO] [net.minecraft.client.server.IntegratedServer/]: Saving and pausing game...
[27Mai2025 17:05:24.095] [Server thread/INFO] [net.minecraft.server.MinecraftServer/]: Saving chunks for level 'ServerLevel[Neue Welt]'/minecraft:overworld
[27Mai2025 17:05:24.102] [Server thread/INFO] [net.minecraft.server.MinecraftServer/]: Saving chunks for level 'ServerLevel[Neue Welt]'/minecraft:the_nether
[27Mai2025 17:05:24.105] [Server thread/INFO] [net.minecraft.server.MinecraftServer/]: Saving chunks for level 'ServerLevel[Neue Welt]'/minecraft:the_end
[27Mai2025 17:05:27.631] [Render thread/WARN] [mezz.jei.gui.events.GuiEventHandler/]: GUI did not draw the dark background layer behind itself, this may result in display issues: net.minecraft.client.gui.screens.inventory.CreativeModeInventoryScreen
[27Mai2025 17:05:29.252] [Render thread/WARN] [mezz.jei.gui.events.GuiEventHandler/]: GUI did not draw the dark background layer behind itself, this may result in display issues: top.theillusivec4.curios.client.gui.CuriosScreen
[27Mai2025 17:05:51.395] [Render thread/INFO] [net.minecraft.client.Minecraft/]: Stopping!
[27Mai2025 17:05:51.397] [Render thread/INFO] [mezz.jei.neoforge.startup.StartEventObserver/]: JEI StartEventObserver received class net.neoforged.neoforge.client.event.ClientPlayerNetworkEvent$LoggingOut
[27Mai2025 17:05:51.397] [Render thread/INFO] [mezz.jei.neoforge.startup.StartEventObserver/]: JEI StartEventObserver transitioning state from JEI_STARTED to LISTENING
[27Mai2025 17:05:51.397] [Render thread/INFO] [mezz.jei.library.startup.JeiStarter/]: Stopping JEI
[27Mai2025 17:05:51.397] [Render thread/INFO] [mezz.jei.library.load.PluginCaller/]: Sending Runtime Unavailable...
[27Mai2025 17:05:51.397] [Render thread/INFO] [mezz.jei.neoforge.plugins.neoforge.NeoForgeGuiPlugin/]: Stopping JEI GUI
[27Mai2025 17:05:51.400] [Render thread/INFO] [mezz.jei.library.load.PluginCaller/]: Sending Runtime Unavailable took 2.792 ms
[27Mai2025 17:05:51.438] [Server thread/INFO] [net.minecraft.server.network.ServerGamePacketListenerImpl/]: Dev lost connection: Verbindung getrennt
[27Mai2025 17:05:51.438] [Server thread/INFO] [net.minecraft.server.MinecraftServer/]: Dev hat das Spiel verlassen
[27Mai2025 17:05:51.447] [Server thread/INFO] [net.minecraft.server.network.ServerCommonPacketListenerImpl/]: Stopping singleplayer server as player logged out
[27Mai2025 17:05:51.486] [Server thread/INFO] [net.minecraft.server.MinecraftServer/]: Stopping server
[27Mai2025 17:05:51.486] [Server thread/INFO] [net.minecraft.server.MinecraftServer/]: Saving players
[27Mai2025 17:05:51.486] [Server thread/INFO] [net.minecraft.server.MinecraftServer/]: Saving worlds
[27Mai2025 17:05:52.115] [Server thread/INFO] [net.minecraft.server.MinecraftServer/]: Saving chunks for level 'ServerLevel[Neue Welt]'/minecraft:overworld
[27Mai2025 17:05:52.147] [Server thread/INFO] [net.minecraft.server.MinecraftServer/]: Saving chunks for level 'ServerLevel[Neue Welt]'/minecraft:the_nether
[27Mai2025 17:05:52.150] [Server thread/INFO] [net.minecraft.server.MinecraftServer/]: Saving chunks for level 'ServerLevel[Neue Welt]'/minecraft:the_end
[27Mai2025 17:05:52.157] [Server thread/INFO] [net.minecraft.server.MinecraftServer/]: ThreadedAnvilChunkStorage (Neue Welt): All chunks are saved
[27Mai2025 17:05:52.157] [Server thread/INFO] [net.minecraft.server.MinecraftServer/]: ThreadedAnvilChunkStorage (DIM-1): All chunks are saved
[27Mai2025 17:05:52.157] [Server thread/INFO] [net.minecraft.server.MinecraftServer/]: ThreadedAnvilChunkStorage (DIM1): All chunks are saved
[27Mai2025 17:05:52.157] [Server thread/INFO] [net.minecraft.server.MinecraftServer/]: ThreadedAnvilChunkStorage: All dimensions are saved
